
Jitu@DESKTOP-J3S2OCJ MINGW64 /e/Study/DevOps/Learning Git - Practicals/learning_path_repo2 (main)
$ git status
On branch main
Your branch is up to date with 'origin/main'.

nothing to commit, working tree clean

Jitu@DESKTOP-J3S2OCJ MINGW64 /e/Study/DevOps/Learning Git - Practicals/learning_path_repo2 (main)
$ pwd
/e/Study/DevOps/Learning Git - Practicals/learning_path_repo2

Jitu@DESKTOP-J3S2OCJ MINGW64 /e/Study/DevOps/Learning Git - Practicals/learning_path_repo2 (main)
$

Jitu@DESKTOP-J3S2OCJ MINGW64 /e/Study/DevOps/Learning Git - Practicals/learning_path_repo2 (main)
$

Jitu@DESKTOP-J3S2OCJ MINGW64 /e/Study/DevOps/Learning Git - Practicals/learning_path_repo2 (main)
$ cd cafe_recipes/

Jitu@DESKTOP-J3S2OCJ MINGW64 /e/Study/DevOps/Learning Git - Practicals/learning_path_repo2/cafe_recipes (main)
$ touch vendors.txt

Jitu@DESKTOP-J3S2OCJ MINGW64 /e/Study/DevOps/Learning Git - Practicals/learning_path_repo2/cafe_recipes (main)
$ git status
On branch main
Your branch is up to date with 'origin/main'.

Untracked files:
  (use "git add <file>..." to include in what will be committed)
        vendors.txt

nothing added to commit but untracked files present (use "git add" to track)

Jitu@DESKTOP-J3S2OCJ MINGW64 /e/Study/DevOps/Learning Git - Practicals/learning_path_repo2/cafe_recipes (main)
$ git add vendors.txt

Jitu@DESKTOP-J3S2OCJ MINGW64 /e/Study/DevOps/Learning Git - Practicals/learning_path_repo2/cafe_recipes (main)
$ git status
On branch main
Your branch is up to date with 'origin/main'.

Changes to be committed:
  (use "git restore --staged <file>..." to unstage)
        new file:   vendors.txt


Jitu@DESKTOP-J3S2OCJ MINGW64 /e/Study/DevOps/Learning Git - Practicals/learning_path_repo2/cafe_recipes (main)
$ ls
cappuccino_cooler   irish_coffee                 vanilla_latte
coconut_oil_coffee  mixed_mocha                  vendors.txt
eggnog_latte        salted_caramel_pumkin_latte  white_chocolate_latte
gingerbread_coffee  spiced_coconut_coffee
green_tea_latte     thai_coffee

Jitu@DESKTOP-J3S2OCJ MINGW64 /e/Study/DevOps/Learning Git - Practicals/learning_path_repo2/cafe_recipes (main)
$ vi employees.txt

Jitu@DESKTOP-J3S2OCJ MINGW64 /e/Study/DevOps/Learning Git - Practicals/learning_path_repo2/cafe_recipes (main)
$ git status
On branch main
Your branch is up to date with 'origin/main'.

Changes to be committed:
  (use "git restore --staged <file>..." to unstage)
        new file:   vendors.txt

Untracked files:
  (use "git add <file>..." to include in what will be committed)
        employees.txt


Jitu@DESKTOP-J3S2OCJ MINGW64 /e/Study/DevOps/Learning Git - Practicals/learning_path_repo2/cafe_recipes (main)
$ git add employees.txt

Jitu@DESKTOP-J3S2OCJ MINGW64 /e/Study/DevOps/Learning Git - Practicals/learning_path_repo2/cafe_recipes (main)
$ git status
On branch main
Your branch is up to date with 'origin/main'.

Changes to be committed:
  (use "git restore --staged <file>..." to unstage)
        new file:   employees.txt
        new file:   vendors.txt


Jitu@DESKTOP-J3S2OCJ MINGW64 /e/Study/DevOps/Learning Git - Practicals/learning_path_repo2/cafe_recipes (main)
$ vi employees.txt

Jitu@DESKTOP-J3S2OCJ MINGW64 /e/Study/DevOps/Learning Git - Practicals/learning_path_repo2/cafe_recipes (main)
$ git add employees.txt

Jitu@DESKTOP-J3S2OCJ MINGW64 /e/Study/DevOps/Learning Git - Practicals/learning_path_repo2/cafe_recipes (main)
$ git status
On branch main
Your branch is up to date with 'origin/main'.

Changes to be committed:
  (use "git restore --staged <file>..." to unstage)
        new file:   employees.txt
        new file:   vendors.txt


Jitu@DESKTOP-J3S2OCJ MINGW64 /e/Study/DevOps/Learning Git - Practicals/learning_path_repo2/cafe_recipes (main)
$ git status
On branch main
Your branch is up to date with 'origin/main'.

Changes to be committed:
  (use "git restore --staged <file>..." to unstage)
        new file:   employees.txt
        new file:   vendors.txt


Jitu@DESKTOP-J3S2OCJ MINGW64 /e/Study/DevOps/Learning Git - Practicals/learning_path_repo2/cafe_recipes (main)
$ ls
cappuccino_cooler   green_tea_latte              thai_coffee
coconut_oil_coffee  irish_coffee                 vanilla_latte
eggnog_latte        mixed_mocha                  vendors.txt
employees.txt       salted_caramel_pumkin_latte  white_chocolate_latte
gingerbread_coffee  spiced_coconut_coffee

Jitu@DESKTOP-J3S2OCJ MINGW64 /e/Study/DevOps/Learning Git - Practicals/learning_path_repo2/cafe_recipes (main)
$ git commit -am "test"
[main 4de689a] test
 2 files changed, 2 insertions(+)
 create mode 100644 cafe_recipes/employees.txt
 create mode 100644 cafe_recipes/vendors.txt

Jitu@DESKTOP-J3S2OCJ MINGW64 /e/Study/DevOps/Learning Git - Practicals/learning_path_repo2/cafe_recipes (main)
$ vi employees.txt

Jitu@DESKTOP-J3S2OCJ MINGW64 /e/Study/DevOps/Learning Git - Practicals/learning_path_repo2/cafe_recipes (main)
$ git add employees.txt

Jitu@DESKTOP-J3S2OCJ MINGW64 /e/Study/DevOps/Learning Git - Practicals/learning_path_repo2/cafe_recipes (main)
$ git statu
git: 'statu' is not a git command. See 'git --help'.

The most similar commands are
        status
        stage
        stash

Jitu@DESKTOP-J3S2OCJ MINGW64 /e/Study/DevOps/Learning Git - Practicals/learning_path_repo2/cafe_recipes (main)
$ git status
On branch main
Your branch is ahead of 'origin/main' by 1 commit.
  (use "git push" to publish your local commits)

Changes to be committed:
  (use "git restore --staged <file>..." to unstage)
        modified:   employees.txt


Jitu@DESKTOP-J3S2OCJ MINGW64 /e/Study/DevOps/Learning Git - Practicals/learning_path_repo2/cafe_recipes (main)
$ git add .

Jitu@DESKTOP-J3S2OCJ MINGW64 /e/Study/DevOps/Learning Git - Practicals/learning_path_repo2/cafe_recipes (main)
$ git status
On branch main
Your branch is ahead of 'origin/main' by 1 commit.
  (use "git push" to publish your local commits)

Changes to be committed:
  (use "git restore --staged <file>..." to unstage)
        modified:   employees.txt


Jitu@DESKTOP-J3S2OCJ MINGW64 /e/Study/DevOps/Learning Git - Practicals/learning_path_repo2/cafe_recipes (main)
$ vi employees.txt

Jitu@DESKTOP-J3S2OCJ MINGW64 /e/Study/DevOps/Learning Git - Practicals/learning_path_repo2/cafe_recipes (main)
$ git status
On branch main
Your branch is ahead of 'origin/main' by 1 commit.
  (use "git push" to publish your local commits)

Changes to be committed:
  (use "git restore --staged <file>..." to unstage)
        modified:   employees.txt

Changes not staged for commit:
  (use "git add <file>..." to update what will be committed)
  (use "git restore <file>..." to discard changes in working directory)
        modified:   employees.txt


Jitu@DESKTOP-J3S2OCJ MINGW64 /e/Study/DevOps/Learning Git - Practicals/learning_path_repo2/cafe_recipes (main)
$ git add .

Jitu@DESKTOP-J3S2OCJ MINGW64 /e/Study/DevOps/Learning Git - Practicals/learning_path_repo2/cafe_recipes (main)
$ git status
On branch main
Your branch is ahead of 'origin/main' by 1 commit.
  (use "git push" to publish your local commits)

Changes to be committed:
  (use "git restore --staged <file>..." to unstage)
        modified:   employees.txt


Jitu@DESKTOP-J3S2OCJ MINGW64 /e/Study/DevOps/Learning Git - Practicals/learning_path_repo2/cafe_recipes (main)
$ git commit -m "commit test"
[main da9d955] commit test
 1 file changed, 1 insertion(+), 1 deletion(-)

Jitu@DESKTOP-J3S2OCJ MINGW64 /e/Study/DevOps/Learning Git - Practicals/learning_path_repo2/cafe_recipes (main)
$ cat employees.txt
Jitu Biswakarma | 165165165165
Jb| 5165116

Jitu@DESKTOP-J3S2OCJ MINGW64 /e/Study/DevOps/Learning Git - Practicals/learning_path_repo2/cafe_recipes (main)
$ git status --short

Jitu@DESKTOP-J3S2OCJ MINGW64 /e/Study/DevOps/Learning Git - Practicals/learning_path_repo2/cafe_recipes (main)
$ vi employees.txt

Jitu@DESKTOP-J3S2OCJ MINGW64 /e/Study/DevOps/Learning Git - Practicals/learning_path_repo2/cafe_recipes (main)
$ git add .

Jitu@DESKTOP-J3S2OCJ MINGW64 /e/Study/DevOps/Learning Git - Practicals/learning_path_repo2/cafe_recipes (main)
$ git status --short
M  employees.txt

Jitu@DESKTOP-J3S2OCJ MINGW64 /e/Study/DevOps/Learning Git - Practicals/learning_path_repo2/cafe_recipes (main)
$ touch abc

Jitu@DESKTOP-J3S2OCJ MINGW64 /e/Study/DevOps/Learning Git - Practicals/learning_path_repo2/cafe_recipes (main)
$ git status --short
M  employees.txt
?? abc

Jitu@DESKTOP-J3S2OCJ MINGW64 /e/Study/DevOps/Learning Git - Practicals/learning_path_repo2/cafe_recipes (main)
$ git add abc

Jitu@DESKTOP-J3S2OCJ MINGW64 /e/Study/DevOps/Learning Git - Practicals/learning_path_repo2/cafe_recipes (main)
$ git status --short
A  abc
M  employees.txt

Jitu@DESKTOP-J3S2OCJ MINGW64 /e/Study/DevOps/Learning Git - Practicals/learning_path_repo2/cafe_recipes (main)
$ git diff --staged
diff --git a/cafe_recipes/abc b/cafe_recipes/abc
new file mode 100644
index 0000000..e69de29
diff --git a/cafe_recipes/employees.txt b/cafe_recipes/employees.txt
index 645e5c3..3b5c814 100644
--- a/cafe_recipes/employees.txt
+++ b/cafe_recipes/employees.txt
@@ -1,2 +1 @@
 Jitu Biswakarma | 165165165165
-Jb| 5165116

Jitu@DESKTOP-J3S2OCJ MINGW64 /e/Study/DevOps/Learning Git - Practicals/learning_path_repo2/cafe_recipes (main)
$ vi employees.txt

Jitu@DESKTOP-J3S2OCJ MINGW64 /e/Study/DevOps/Learning Git - Practicals/learning_path_repo2/cafe_recipes (main)
$ vi abc

Jitu@DESKTOP-J3S2OCJ MINGW64 /e/Study/DevOps/Learning Git - Practicals/learning_path_repo2/cafe_recipes (main)
$ git add .

Jitu@DESKTOP-J3S2OCJ MINGW64 /e/Study/DevOps/Learning Git - Practicals/learning_path_repo2/cafe_recipes (main)
$ git diff --staged
diff --git a/cafe_recipes/abc b/cafe_recipes/abc
new file mode 100644

Jitu@DESKTOP-J3S2OCJ MINGW64 /e/Study/DevOps/Learning Git - Practicals/learning_path_repo2/cafe_recipes (main)
$ git diff --staged
diff --git a/cafe_recipes/abc b/cafe_recipes/abc
new file mode 100644
index 0000000..cc3c717
--- /dev/null
+++ b/cafe_recipes/abc
@@ -0,0 +1,2 @@
+,s .,s ,s mds vds vds vkknfdufusj vvc,. vk
+nddsnc
diff --git a/cafe_recipes/employees.txt b/cafe_recipes/employees.txt
index 645e5c3..6da5df0 100644
--- a/cafe_recipes/employees.txt
+++ b/cafe_recipes/employees.txt
@@ -1,2 +1,3 @@
 Jitu Biswakarma | 165165165165
-Jb| 5165116
+Groot Biswakarma | 88782485
+

Jitu@DESKTOP-J3S2OCJ MINGW64 /e/Study/DevOps/Learning Git - Practicals/learning_path_repo2/cafe_recipes (main)
$ git diff --staged --no-renames
diff --git a/cafe_recipes/abc b/cafe_recipes/abc
new file mode 100644
index 0000000..cc3c717
--- /dev/null
+++ b/cafe_recipes/abc
@@ -0,0 +1,2 @@
+,s .,s ,s mds vds vds vkknfdufusj vvc,. vk
+nddsnc
diff --git a/cafe_recipes/employees.txt b/cafe_recipes/employees.txt
index 645e5c3..6da5df0 100644
--- a/cafe_recipes/employees.txt
+++ b/cafe_recipes/employees.txt
@@ -1,2 +1,3 @@
 Jitu Biswakarma | 165165165165
-Jb| 5165116
+Groot Biswakarma | 88782485
+

Jitu@DESKTOP-J3S2OCJ MINGW64 /e/Study/DevOps/Learning Git - Practicals/learning_path_repo2/cafe_recipes (main)
$ git diff

Jitu@DESKTOP-J3S2OCJ MINGW64 /e/Study/DevOps/Learning Git - Practicals/learning_path_repo2/cafe_recipes (main)
$ vi abc

Jitu@DESKTOP-J3S2OCJ MINGW64 /e/Study/DevOps/Learning Git - Practicals/learning_path_repo2/cafe_recipes (main)
$ git diff
diff --git a/cafe_recipes/abc b/cafe_recipes/abc
index cc3c717..77edd4c 100644
--- a/cafe_recipes/abc
+++ b/cafe_recipes/abc
@@ -1,2 +1,3 @@
 ,s .,s ,s mds vds vds vkknfdufusj vvc,. vk
 nddsnc
+asndklasd

Jitu@DESKTOP-J3S2OCJ MINGW64 /e/Study/DevOps/Learning Git - Practicals/learning_path_repo2/cafe_recipes (main)
$ git add .

Jitu@DESKTOP-J3S2OCJ MINGW64 /e/Study/DevOps/Learning Git - Practicals/learning_path_repo2/cafe_recipes (main)
$ git status
On branch main
Your branch is ahead of 'origin/main' by 2 commits.
  (use "git push" to publish your local commits)

Changes to be committed:
  (use "git restore --staged <file>..." to unstage)
        new file:   abc
        modified:   employees.txt


Jitu@DESKTOP-J3S2OCJ MINGW64 /e/Study/DevOps/Learning Git - Practicals/learning_path_repo2/cafe_recipes (main)
$ git status --staged
error: unknown option `staged'
usage: git status [<options>] [--] <pathspec>...

    -v, --verbose         be verbose
    -s, --short           show status concisely
    -b, --branch          show branch information
    --show-stash          show stash information
    --ahead-behind        compute full ahead/behind values
    --porcelain[=<version>]
                          machine-readable output
    --long                show status in long format (default)
    -z, --null            terminate entries with NUL
    -u, --untracked-files[=<mode>]
                          show untracked files, optional modes: all, normal, no. (Default: all)
    --ignored[=<mode>]    show ignored files, optional modes: traditional, matching, no. (Default: traditional)
    --ignore-submodules[=<when>]
                          ignore changes to submodules, optional when: all, dirty, untracked. (Default: all)
    --column[=<style>]    list untracked files in columns
    --no-renames          do not detect renames
    -M, --find-renames[=<n>]
                          detect renames, optionally set similarity index
    --show-ignored-directory
                          (DEPRECATED: use --ignore=matching instead) Only show directories that match an ignore pattern name.
    --no-lock-index       (DEPRECATED: use `git --no-optional-locks status` instead) Do not lock the index


Jitu@DESKTOP-J3S2OCJ MINGW64 /e/Study/DevOps/Learning Git - Practicals/learning_path_repo2/cafe_recipes (main)
$ git diff --staged
diff --git a/cafe_recipes/abc b/cafe_recipes/abc
new file mode 100644
index 0000000..77edd4c
--- /dev/null
+++ b/cafe_recipes/abc
@@ -0,0 +1,3 @@
+,s .,s ,s mds vds vds vkknfdufusj vvc,. vk
+nddsnc
+asndklasd
diff --git a/cafe_recipes/employees.txt b/cafe_recipes/employees.txt
index 645e5c3..6da5df0 100644
--- a/cafe_recipes/employees.txt
+++ b/cafe_recipes/employees.txt
@@ -1,2 +1,3 @@
 Jitu Biswakarma | 165165165165
-Jb| 5165116
+Groot Biswakarma | 88782485
+

Jitu@DESKTOP-J3S2OCJ MINGW64 /e/Study/DevOps/Learning Git - Practicals/learning_path_repo2/cafe_recipes (main)
$ ls
abc                coconut_oil_coffee  employees.txt       green_tea_latte  mixed_mocha                  spiced_coconut_coffee  vanilla_latte  white_chocolate_latte
cappuccino_cooler  eggnog_latte        gingerbread_coffee  irish_coffee     salted_caramel_pumkin_latte  thai_coffee            vendors.txt

Jitu@DESKTOP-J3S2OCJ MINGW64 /e/Study/DevOps/Learning Git - Practicals/learning_path_repo2/cafe_recipes (main)
$ cat vendors.txt

Jitu@DESKTOP-J3S2OCJ MINGW64 /e/Study/DevOps/Learning Git - Practicals/learning_path_repo2/cafe_recipes (main)
$ git commit -am "skipping the git add"
[main b554ec4] skipping the git add
 2 files changed, 5 insertions(+), 1 deletion(-)
 create mode 100644 cafe_recipes/abc

Jitu@DESKTOP-J3S2OCJ MINGW64 /e/Study/DevOps/Learning Git - Practicals/learning_path_repo2/cafe_recipes (main)
$ git status
On branch main
Your branch is ahead of 'origin/main' by 3 commits.
  (use "git push" to publish your local commits)

nothing to commit, working tree clean

Jitu@DESKTOP-J3S2OCJ MINGW64 /e/Study/DevOps/Learning Git - Practicals/learning_path_repo2/cafe_recipes (main)
$ git status --short

Jitu@DESKTOP-J3S2OCJ MINGW64 /e/Study/DevOps/Learning Git - Practicals/learning_path_repo2/cafe_recipes (main)
$ git push -u origin main
Enumerating objects: 16, done.
Counting objects: 100% (16/16), done.
Delta compression using up to 4 threads
Compressing objects: 100% (11/11), done.
Writing objects: 100% (14/14), 1.18 KiB | 172.00 KiB/s, done.
Total 14 (delta 3), reused 0 (delta 0), pack-reused 0
remote: Resolving deltas: 100% (3/3), completed with 1 local object.
To https://github.com/bJitu/learn_git.git
   d2c3ae8..b554ec4  main -> main
Branch 'main' set up to track remote branch 'main' from 'origin'.

Jitu@DESKTOP-J3S2OCJ MINGW64 /e/Study/DevOps/Learning Git - Practicals/learning_path_repo2/cafe_recipes (main)
$
